[eulencheats.com/index.html]
[eulencheats.com/cdn-cgi/apps/head/sQTOjMP7QS8N7A6hf-crJYvA1zU.js]
[eulencheats.com/assets/images/eulen-menu-520x386-128x95.png]
[backblue.gif]
[fade.gif]
[index.html]
[eulencheats.com/assets/web/assets/fivemgay-icons/fivemgay-icons.css]
[eulencheats.com/assets/web/assets/fivemgay-icons2/fivemgay2.css]
[eulencheats.com/assets/tether/tether.min.css]
[eulencheats.com/assets/bootstrap/css/bootstrap.min.css]
[eulencheats.com/assets/bootstrap/css/bootstrap-grid.min.css]
[eulencheats.com/assets/bootstrap/css/bootstrap-reboot.min.css]
[eulencheats.com/assets/dropdown/css/style.css]
[eulencheats.com/assets/socicon/css/styles.css]
[eulencheats.com/assets/theme/css/style.css]
[eulencheats.com/assets/recaptcha.css]
[eulencheats.com/assets/fivemgay/css/mbr-additional.css]
[eulencheats.com/assets/web/assets/lazyload/lazyload.js]
[eulencheats.com/index-2.html]
[eulencheats.com/assets/images/012-1-615x863.png]
[eulencheats.com/assets/images/vlc-tta1gdznju-589x356.png]
[media1.tenor.com/images/8347662978c7cbd6ebbe6cad58ccb33f/tenor.html]
[eulencheats.com/assets/images/applicationframehost-s4gjoqilga-589x460.png]
[eulencheats.com/assets/images/eulenn-900x853.png]
[eulencheats.com/assets/web/assets/jquery/jquery.min.js]
[eulencheats.com/assets/popper/popper.min.js]
[eulencheats.com/discord/index.html]
[eulencheats.com/assets/tether/tether.min.js]
[eulencheats.com/assets/bootstrap/js/bootstrap.min.js]
[eulencheats.com/assets/smoothscroll/smooth-scroll.js]
[eulencheats.com/assets/dropdown/js/nav-dropdown.js]
[eulencheats.com/assets/dropdown/js/navbar-dropdown.js]
[eulencheats.com/assets/touchswipe/jquery.touch-swipe.min.js]
[eulencheats.com/assets/playervimeo/vimeo_player.js]
[eulencheats.com/assets/mbr-switch-arrow/mbr-switch-arrow.js]
[eulencheats.com/assets/viewportchecker/jquery.viewportchecker.js]
[eulencheats.com/assets/popup-plugin/script.js]
[eulencheats.com/assets/popup-overlay-plugin/script.js]
[eulencheats.com/assets/theme/js/script.js]
[eulencheats.com/index.html]
[eulencheats.com/assets/formoid.min.js]
[eulencheats.com/assets/web/assets/fivemgay-icons/mobirise-icons0e1c.eot]
[eulencheats.com/assets/web/assets/fivemgay-icons/mobirise-icons0e1c.ttf]
[eulencheats.com/assets/web/assets/fivemgay-icons/mobirise-icons0e1c.woff]
[eulencheats.com/assets/web/assets/fivemgay-icons/fivemgay-icons.css]
[eulencheats.com/assets/web/assets/fivemgay-icons/mobirise-icons0e1c.svg]
[eulencheats.com/assets/web/assets/fivemgay-icons2/mobirise21e04.eot]
[eulencheats.com/assets/web/assets/fivemgay-icons2/mobirise21e04.ttf]
[eulencheats.com/assets/web/assets/fivemgay-icons2/mobirise21e04.woff]
[eulencheats.com/assets/web/assets/fivemgay-icons2/fivemgay2.css]
[eulencheats.com/assets/tether/tether.min.css]
[eulencheats.com/assets/bootstrap/css/bootstrap.min.css]
[eulencheats.com/assets/bootstrap/css/bootstrap-grid.min.css]
[eulencheats.com/assets/bootstrap/css/bootstrap-reboot.min.css]
[eulencheats.com/assets/dropdown/css/style.css]
[eulencheats.com/assets/web/assets/fivemgay-icons2/mobirise21e04.svg]
[eulencheats.com/assets/socicon/fonts/socicon.eot]
[eulencheats.com/assets/socicon/fonts/socicond41d.eot]
[eulencheats.com/assets/socicon/fonts/socicon.woff2]
[eulencheats.com/assets/socicon/fonts/socicon.ttf]
[eulencheats.com/assets/socicon/fonts/socicon.woff]
[eulencheats.com/assets/socicon/css/styles.css]
[eulencheats.com/assets/theme/css/style.css]
[eulencheats.com/assets/recaptcha.css]
[eulencheats.com/assets/fivemgay/css/mbr-additional.css]
[eulencheats.com/index-2.html]
[eulencheats.com/Rust/index.html]
[eulencheats.com/Polygon/index.html]
[eulencheats.com/assets/socicon/fonts/socicon.svg]
[eulencheats.com/discord/assets/images/eulen-menu-128x95.png]
[eulencheats.com/discord/assets/tether/tether.min.css]
[eulencheats.com/discord/assets/bootstrap/css/bootstrap.min.css]
[eulencheats.com/discord/assets/bootstrap/css/bootstrap-grid.min.css]
[eulencheats.com/discord/assets/bootstrap/css/bootstrap-reboot.min.css]
[eulencheats.com/discord/assets/socicon/css/styles.css]
[eulencheats.com/discord/assets/theme/css/style.css]
[eulencheats.com/discord/assets/fivemshit/css/mbr-additional.css]
[eulencheats.com/discord/assets/web/assets/jquery/jquery.min.js]
[eulencheats.com/discord/assets/popper/popper.min.js]
[eulencheats.com/discord/assets/tether/tether.min.js]
[eulencheats.com/discord/assets/bootstrap/js/bootstrap.min.js]
[eulencheats.com/discord/assets/smoothscroll/smooth-scroll.js]
[eulencheats.com/discord/index.html]
[eulencheats.com/discord/assets/theme/js/script.js]
[www.gstatic.com/tenor/img/favicon/apple-touch-icon-57x57.png]
[www.gstatic.com/tenor/img/favicon/apple-touch-icon-60x60.png]
[www.gstatic.com/tenor/img/favicon/apple-touch-icon-72x72.png]
[www.gstatic.com/tenor/img/favicon/favicon-32x32.png]
[www.gstatic.com/tenor/img/favicon/favicon-16x16.png]
[c.tenor.com/yrkAr777n90AAAAd/tenor.gif]
[www.gstatic.com/tenor/wrapper/cdn-html.min.js]
[media1.tenor.com/images/8347662978c7cbd6ebbe6cad58ccb33f/tenor.html]
[eulencheats.com/assets/web/assets/fivemgay-icons/mobirise-icons0e1c.svg]
[eulencheats.com/assets/web/assets/fivemgay-icons2/mobirise21e04.svg]
[eulencheats.com/assets/socicon/fonts/socicon.svg]
[eulencheats.com/discord/assets/tether/tether.min.css]
[eulencheats.com/discord/assets/bootstrap/css/bootstrap.min.css]
[eulencheats.com/discord/assets/bootstrap/css/bootstrap-grid.min.css]
[eulencheats.com/discord/assets/bootstrap/css/bootstrap-reboot.min.css]
[eulencheats.com/discord/assets/socicon/fonts/socicon.eot]
[eulencheats.com/discord/assets/socicon/fonts/socicond41d.eot]
[eulencheats.com/discord/assets/socicon/fonts/socicon.woff2]
[eulencheats.com/discord/assets/socicon/fonts/socicon.ttf]
[eulencheats.com/discord/assets/socicon/fonts/socicon.woff]
[eulencheats.com/discord/assets/socicon/css/styles.css]
[eulencheats.com/discord/assets/theme/css/style.css]
[eulencheats.com/discord/assets/fivemshit/css/mbr-additional.css]
[www.gstatic.com/tenor/wrapper/cdn-html.min.css]
[eulencheats.com/discord/assets/socicon/fonts/socicon.svg]
[eulencheats.com/discord/assets/socicon/fonts/socicon.svg]
